[Fri Mar 20 22:04:35.828193 2020] [wsgi:error] [pid 25932:tid 140186250524416] [remote 186.137.65.209:36358] Invalid HTTP_HOST header: '67.205.157.216'. You may need to add '67.205.157.216' to ALLOWED_HOSTS.
[Fri Mar 20 22:04:35.858381 2020] [wsgi:error] [pid 25932:tid 140186250524416] [remote 186.137.65.209:36358] Bad Request: /v1/user/login/
[Fri Mar 20 22:04:38.165130 2020] [wsgi:error] [pid 25932:tid 140186284095232] [remote 186.137.65.209:36424] Invalid HTTP_HOST header: '67.205.157.216'. You may need to add '67.205.157.216' to ALLOWED_HOSTS.
[Fri Mar 20 22:04:38.197966 2020] [wsgi:error] [pid 25932:tid 140186284095232] [remote 186.137.65.209:36424] Bad Request: /v1/user/login/
Exception ignored in: <bound method BaseEventLoop.__del__ of <_UnixSelectorEventLoop running=False closed=False debug=False>>
Traceback (most recent call last):
  File "/usr/lib/python3.6/asyncio/base_events.py", line 526, in __del__
NameError: name 'ResourceWarning' is not defined
[Fri Mar 20 22:06:51.377591 2020] [wsgi:error] [pid 26055:tid 140093554390784] [remote 186.137.65.209:40696] Invalid HTTP_HOST header: '67.205.157.216'. You may need to add '67.205.157.216' to ALLOWED_HOSTS.
[Fri Mar 20 22:06:51.409040 2020] [wsgi:error] [pid 26055:tid 140093554390784] [remote 186.137.65.209:40696] Bad Request: /v1/user/login/
Exception ignored in: <bound method BaseEventLoop.__del__ of <_UnixSelectorEventLoop running=False closed=False debug=False>>
Traceback (most recent call last):
  File "/usr/lib/python3.6/asyncio/base_events.py", line 526, in __del__
NameError: name 'ResourceWarning' is not defined
[Fri Mar 20 22:07:23.852996 2020] [wsgi:error] [pid 26169:tid 139725683214080] [remote 186.137.65.209:41724] ingreso a login
[Fri Mar 20 22:07:23.853229 2020] [wsgi:error] [pid 26169:tid 139725683214080] [remote 186.137.65.209:41724] datos envidos:{'username': 'admin', 'password': 'aqswdefr'}
[Fri Mar 20 22:07:23.970930 2020] [wsgi:error] [pid 26169:tid 139725683214080] [remote 186.137.65.209:41724] Bad Request: /v1/user/login/
[Fri Mar 20 22:09:23.920371 2020] [wsgi:error] [pid 26169:tid 139725683214080] [remote 186.137.65.209:45640] Not Found: /v2
Exception ignored in: <bound method BaseEventLoop.__del__ of <_UnixSelectorEventLoop running=False closed=False debug=False>>
Traceback (most recent call last):
  File "/usr/lib/python3.6/asyncio/base_events.py", line 526, in __del__
NameError: name 'ResourceWarning' is not defined
[Fri Mar 20 22:11:47.435332 2020] [wsgi:error] [pid 26320:tid 139728274646784] [remote 186.137.65.209:50272] Not Found: /favicon.ico
[Fri Mar 20 22:12:58.126664 2020] [wsgi:error] [pid 26320:tid 139728274646784] [remote 186.137.65.209:52608] ingreso a login
[Fri Mar 20 22:12:58.126906 2020] [wsgi:error] [pid 26320:tid 139728274646784] [remote 186.137.65.209:52608] datos envidos:{'username': 'admin', 'password': 'aqswdefr'}
[Fri Mar 20 22:20:58.627787 2020] [wsgi:error] [pid 26320:tid 139728274646784] [remote 186.137.65.209:39812] Bad Request: /v1/api-token-auth/
[Fri Mar 20 22:21:23.812593 2020] [wsgi:error] [pid 26320:tid 139728274646784] [remote 186.137.65.209:40618] Bad Request: /v1/api-token-auth/
[Fri Mar 20 22:30:38.328041 2020] [wsgi:error] [pid 26320:tid 139728274646784] [remote 186.137.65.209:59268] Bad Request: /v1/api-token-auth/
[Fri Mar 20 22:30:44.593395 2020] [wsgi:error] [pid 26320:tid 139728241075968] [remote 186.137.65.209:59276] Bad Request: /v1/api-token-auth/
[Fri Mar 20 22:31:08.179041 2020] [wsgi:error] [pid 26320:tid 139728241075968] [remote 186.137.65.209:59282] Bad Request: /v1/api-token-auth/
[Fri Mar 20 22:32:40.710615 2020] [wsgi:error] [pid 26320:tid 139728274646784] [remote 186.137.65.209:59304] Bad Request: /v1/api-token-auth/
[Fri Mar 20 22:33:09.888332 2020] [wsgi:error] [pid 26320:tid 139728241075968] [remote 186.137.65.209:59310] Bad Request: /v1/api-token-auth/
[Fri Mar 20 22:35:06.933702 2020] [wsgi:error] [pid 26320:tid 139728241075968] [remote 186.137.65.209:59334] Bad Request: /v1/api-token-auth/
[Fri Mar 20 22:39:15.855243 2020] [wsgi:error] [pid 26320:tid 139728274646784] [remote 186.137.65.209:59388] Bad Request: /v1/api-token-auth/
[Fri Mar 20 23:26:37.266898 2020] [wsgi:error] [pid 26320:tid 139728241075968] [remote 187.57.190.16:60456] Not Found: /
[Fri Mar 20 23:33:09.748216 2020] [wsgi:error] [pid 26320:tid 139728274646784] [remote 42.115.54.11:41212] Not Found: /
[Sat Mar 21 00:15:05.289850 2020] [wsgi:error] [pid 26320:tid 139728241075968] [remote 171.67.70.85:34028] Not Found: /
[Sat Mar 21 02:11:34.598979 2020] [wsgi:error] [pid 26320:tid 139728274646784] [remote 200.73.127.8:41746] Not Found: /
[Sat Mar 21 03:03:50.576963 2020] [wsgi:error] [pid 26320:tid 139728241075968] [remote 194.44.116.1:44436] Not Found: /
[Sat Mar 21 03:30:29.495508 2020] [wsgi:error] [pid 26320:tid 139728274646784] [remote 31.166.254.134:59101] Not Found: /
[Sat Mar 21 05:20:45.072308 2020] [wsgi:error] [pid 26320:tid 139728241075968] [remote 162.12.247.243:51121] Not Found: /
[Sat Mar 21 05:46:38.539302 2020] [wsgi:error] [pid 26320:tid 139728274646784] [remote 83.249.145.32:46245] Not Found: /
[Sat Mar 21 05:54:00.806051 2020] [wsgi:error] [pid 26320:tid 139728241075968] [remote 81.16.245.47:51655] Not Found: /
[Sat Mar 21 05:56:34.607627 2020] [wsgi:error] [pid 26320:tid 139728274646784] [remote 169.197.108.38:42762] Not Found: /
[Sat Mar 21 06:14:51.767287 2020] [wsgi:error] [pid 26320:tid 139728241075968] [remote 171.67.70.85:46058] Not Found: /
Exception ignored in: <bound method BaseEventLoop.__del__ of <_UnixSelectorEventLoop running=False closed=False debug=False>>
Traceback (most recent call last):
  File "/usr/lib/python3.6/asyncio/base_events.py", line 526, in __del__
NameError: name 'ResourceWarning' is not defined
[Sat Mar 21 07:05:05.730836 2020] [wsgi:error] [pid 27498:tid 139728241059584] [remote 5.188.210.101:23785] Invalid HTTP_HOST header: '5.188.210.101'. You may need to add '5.188.210.101' to ALLOWED_HOSTS.
[Sat Mar 21 07:05:05.767202 2020] [wsgi:error] [pid 27498:tid 139728241059584] [remote 5.188.210.101:23785] Bad Request: /echo.php
[Sat Mar 21 07:25:03.788032 2020] [wsgi:error] [pid 27498:tid 139728157042432] [remote 194.180.224.249:59702] Not Found: /cgi-bin/php
[Sat Mar 21 07:43:35.463775 2020] [wsgi:error] [pid 27498:tid 139728241059584] [remote 178.214.244.38:50327] Not Found: /
[Sat Mar 21 07:55:27.529209 2020] [wsgi:error] [pid 27498:tid 139728157042432] [remote 162.243.129.96:40138] Not Found: /portal/redlion
[Sat Mar 21 09:25:12.486488 2020] [wsgi:error] [pid 27498:tid 139728241059584] [remote 65.99.159.41:37291] Not Found: /
[Sat Mar 21 12:14:34.307092 2020] [wsgi:error] [pid 27498:tid 139728157042432] [remote 171.67.70.85:38074] Not Found: /
[Sat Mar 21 13:34:47.630822 2020] [wsgi:error] [pid 27498:tid 139728241059584] [remote 168.232.14.242:37011] Not Found: /
[Sat Mar 21 14:33:49.667005 2020] [wsgi:error] [pid 27498:tid 139728157042432] [remote 194.180.224.249:55376] Not Found: /cgi-bin/php5
[Sat Mar 21 14:47:56.512230 2020] [wsgi:error] [pid 27498:tid 139728241059584] [remote 66.151.211.170:57692] Invalid HTTP_HOST header: '127.0.1.1'. You may need to add '127.0.1.1' to ALLOWED_HOSTS.
[Sat Mar 21 14:47:56.545500 2020] [wsgi:error] [pid 27498:tid 139728241059584] [remote 66.151.211.170:57692] Bad Request: /robots.txt
[Sat Mar 21 18:01:56.672565 2020] [wsgi:error] [pid 27498:tid 139728157042432] [remote 85.113.153.46:53867] Not Found: /
[Sat Mar 21 18:14:21.795947 2020] [wsgi:error] [pid 27498:tid 139728241059584] [remote 171.67.70.85:54938] Not Found: /
[Sat Mar 21 18:49:57.295653 2020] [wsgi:error] [pid 27498:tid 139728157042432] [remote 194.180.224.249:44436] Not Found: /cgi-bin/php4
[Sat Mar 21 19:43:19.217197 2020] [wsgi:error] [pid 27498:tid 139728241059584] [remote 162.243.131.78:56396] Not Found: /hudson
[Sat Mar 21 22:33:31.478301 2020] [wsgi:error] [pid 27498:tid 139728157042432] [remote 66.151.211.170:65143] Invalid HTTP_HOST header: '127.0.1.1'. You may need to add '127.0.1.1' to ALLOWED_HOSTS.
[Sat Mar 21 22:33:31.507503 2020] [wsgi:error] [pid 27498:tid 139728157042432] [remote 66.151.211.170:65143] Bad Request: /robots.txt
[Sat Mar 21 22:41:44.985993 2020] [wsgi:error] [pid 27498:tid 139728241059584] [remote 202.159.112.36:40398] Not Found: /
[Sat Mar 21 23:02:21.166484 2020] [wsgi:error] [pid 27498:tid 139728157042432] [remote 196.52.43.116:58647] Invalid HTTP_HOST header: '127.0.1.1'. You may need to add '127.0.1.1' to ALLOWED_HOSTS.
[Sat Mar 21 23:02:21.199087 2020] [wsgi:error] [pid 27498:tid 139728157042432] [remote 196.52.43.116:58647] Bad Request: /
[Sat Mar 21 23:57:32.661606 2020] [wsgi:error] [pid 27498:tid 139728241059584] [remote 193.57.40.38:44246] Not Found: /solr/admin/info/system
[Sun Mar 22 00:13:54.684431 2020] [wsgi:error] [pid 27498:tid 139728157042432] [remote 193.57.40.38:52954] Not Found: /index.php
[Sun Mar 22 00:14:38.492254 2020] [wsgi:error] [pid 27498:tid 139728241059584] [remote 171.67.70.85:47920] Not Found: /
[Sun Mar 22 00:26:38.771937 2020] [wsgi:error] [pid 27498:tid 139728157042432] [remote 193.57.40.38:46304] Not Found: /vendor/phpunit/phpunit/src/Util/PHP/eval-stdin.php
[Sun Mar 22 00:37:23.776712 2020] [wsgi:error] [pid 27498:tid 139728241059584] [remote 193.57.40.38:37884] Not Found: /
[Sun Mar 22 01:14:54.314518 2020] [wsgi:error] [pid 27498:tid 139728157042432] [remote 18.217.112.17:57512] Not Found: /.env
[Sun Mar 22 01:35:47.405178 2020] [wsgi:error] [pid 27498:tid 139728241059584] [remote 18.217.112.17:48204] Not Found: /
[Sun Mar 22 01:39:48.255479 2020] [wsgi:error] [pid 27498:tid 139728157042432] [remote 193.57.40.38:34240] Not Found: /
[Sun Mar 22 01:59:49.410481 2020] [wsgi:error] [pid 27498:tid 139728241059584] [remote 185.194.174.66:44046] Not Found: /
[Sun Mar 22 05:02:43.936826 2020] [wsgi:error] [pid 27498:tid 139728157042432] [remote 61.160.251.82:40057] Not Found: /TP/public/index.php
[Sun Mar 22 05:02:45.461662 2020] [wsgi:error] [pid 27498:tid 139728241059584] [remote 61.160.251.82:42566] Not Found: /TP/index.php
[Sun Mar 22 05:02:45.973145 2020] [wsgi:error] [pid 27498:tid 139728157042432] [remote 61.160.251.82:49566] Not Found: /thinkphp/html/public/index.php
[Sun Mar 22 05:02:46.516365 2020] [wsgi:error] [pid 27498:tid 139728241059584] [remote 61.160.251.82:52157] Not Found: /html/public/index.php
[Sun Mar 22 05:02:47.023939 2020] [wsgi:error] [pid 27498:tid 139728157042432] [remote 61.160.251.82:54477] Not Found: /public/index.php
[Sun Mar 22 05:02:47.523978 2020] [wsgi:error] [pid 27498:tid 139728241059584] [remote 61.160.251.82:57138] Not Found: /TP/html/public/index.php
[Sun Mar 22 05:02:48.051984 2020] [wsgi:error] [pid 27498:tid 139728157042432] [remote 61.160.251.82:59349] Not Found: /elrekt.php
[Sun Mar 22 05:02:48.590001 2020] [wsgi:error] [pid 27498:tid 139728241059584] [remote 61.160.251.82:33716] Not Found: /index.php
[Sun Mar 22 05:02:49.075788 2020] [wsgi:error] [pid 27498:tid 139728157042432] [remote 61.160.251.82:35974] Not Found: /
[Sun Mar 22 06:04:58.037403 2020] [wsgi:error] [pid 27498:tid 139728241059584] [remote 163.44.149.193:58462] Not Found: /
[Sun Mar 22 06:04:58.563946 2020] [wsgi:error] [pid 27498:tid 139728157042432] [remote 163.44.149.193:58586] Not Found: /.env
[Sun Mar 22 06:04:58.833418 2020] [wsgi:error] [pid 27498:tid 139728241059584] [remote 163.44.149.193:58586] Not Found: /.remote
[Sun Mar 22 06:04:59.101604 2020] [wsgi:error] [pid 27498:tid 139728157042432] [remote 163.44.149.193:58586] Not Found: /.local
[Sun Mar 22 06:04:59.367541 2020] [wsgi:error] [pid 27498:tid 139728241059584] [remote 163.44.149.193:58586] Not Found: /.production
[Sun Mar 22 06:04:59.890282 2020] [wsgi:error] [pid 27498:tid 139728157042432] [remote 163.44.149.193:58918] Not Found: /admin/vendor/phpunit/phpunit/src/Util/PHP/eval-stdin.php
[Sun Mar 22 06:05:00.154202 2020] [wsgi:error] [pid 27498:tid 139728241059584] [remote 163.44.149.193:58918] Not Found: /api/vendor/phpunit/phpunit/src/Util/PHP/eval-stdin.php
[Sun Mar 22 06:05:00.424994 2020] [wsgi:error] [pid 27498:tid 139728157042432] [remote 163.44.149.193:58918] Not Found: /backup/vendor/phpunit/phpunit/src/Util/PHP/eval-stdin.php
[Sun Mar 22 06:05:00.689364 2020] [wsgi:error] [pid 27498:tid 139728241059584] [remote 163.44.149.193:58918] Not Found: /blog/vendor/phpunit/phpunit/src/Util/PHP/eval-stdin.php
[Sun Mar 22 06:05:00.953426 2020] [wsgi:error] [pid 27498:tid 139728157042432] [remote 163.44.149.193:58918] Not Found: /cms/vendor/phpunit/phpunit/src/Util/PHP/eval-stdin.php
[Sun Mar 22 06:05:01.218214 2020] [wsgi:error] [pid 27498:tid 139728241059584] [remote 163.44.149.193:58918] Not Found: /crm/vendor/phpunit/phpunit/src/Util/PHP/eval-stdin.php
[Sun Mar 22 06:05:01.483885 2020] [wsgi:error] [pid 27498:tid 139728157042432] [remote 163.44.149.193:58918] Not Found: /demo/vendor/phpunit/phpunit/src/Util/PHP/eval-stdin.php
[Sun Mar 22 06:05:01.748795 2020] [wsgi:error] [pid 27498:tid 139728241059584] [remote 163.44.149.193:58918] Not Found: /dev/vendor/phpunit/phpunit/src/Util/PHP/eval-stdin.php
[Sun Mar 22 06:05:02.010950 2020] [wsgi:error] [pid 27498:tid 139728157042432] [remote 163.44.149.193:58918] Not Found: /laravel/vendor/phpunit/phpunit/src/Util/PHP/eval-stdin.php
[Sun Mar 22 06:05:02.275718 2020] [wsgi:error] [pid 27498:tid 139728241059584] [remote 163.44.149.193:58918] Not Found: /lib/phpunit/Util/PHP/eval-stdin.php
[Sun Mar 22 06:05:02.547317 2020] [wsgi:error] [pid 27498:tid 139728157042432] [remote 163.44.149.193:58918] Not Found: /lib/phpunit/phpunit/Util/PHP/eval-stdin.php
[Sun Mar 22 06:05:02.808971 2020] [wsgi:error] [pid 27498:tid 139728241059584] [remote 163.44.149.193:58918] Not Found: /lib/phpunit/phpunit/src/Util/PHP/eval-stdin.php
[Sun Mar 22 06:05:03.073946 2020] [wsgi:error] [pid 27498:tid 139728157042432] [remote 163.44.149.193:58918] Not Found: /lib/phpunit/src/Util/PHP/eval-stdin.php
[Sun Mar 22 06:05:03.343819 2020] [wsgi:error] [pid 27498:tid 139728241059584] [remote 163.44.149.193:58918] Not Found: /new/vendor/phpunit/phpunit/src/Util/PHP/eval-stdin.php
[Sun Mar 22 06:05:03.609222 2020] [wsgi:error] [pid 27498:tid 139728157042432] [remote 163.44.149.193:58918] Not Found: /old/vendor/phpunit/phpunit/src/Util/PHP/eval-stdin.php
[Sun Mar 22 06:05:03.877973 2020] [wsgi:error] [pid 27498:tid 139728241059584] [remote 163.44.149.193:58918] Not Found: /panel/vendor/phpunit/phpunit/src/Util/PHP/eval-stdin.php
[Sun Mar 22 06:05:04.145089 2020] [wsgi:error] [pid 27498:tid 139728157042432] [remote 163.44.149.193:58918] Not Found: /phpunit/Util/PHP/eval-stdin.php
[Sun Mar 22 06:05:04.408793 2020] [wsgi:error] [pid 27498:tid 139728241059584] [remote 163.44.149.193:58918] Not Found: /phpunit/phpunit/Util/PHP/eval-stdin.php
[Sun Mar 22 06:05:04.675440 2020] [wsgi:error] [pid 27498:tid 139728157042432] [remote 163.44.149.193:58918] Not Found: /phpunit/phpunit/src/Util/PHP/eval-stdin.php
[Sun Mar 22 06:05:04.940425 2020] [wsgi:error] [pid 27498:tid 139728241059584] [remote 163.44.149.193:58918] Not Found: /phpunit/src/Util/PHP/eval-stdin.php
[Sun Mar 22 06:05:05.203776 2020] [wsgi:error] [pid 27498:tid 139728157042432] [remote 163.44.149.193:58918] Not Found: /protected/vendor/phpunit/phpunit/src/Util/PHP/eval-stdin.php
[Sun Mar 22 06:05:05.474363 2020] [wsgi:error] [pid 27498:tid 139728241059584] [remote 163.44.149.193:58918] Not Found: /sites/all/libraries/mailchimp/vendor/phpunit/phpunit/src/Util/PHP/eval-stdin.php
[Sun Mar 22 06:05:05.745697 2020] [wsgi:error] [pid 27498:tid 139728157042432] [remote 163.44.149.193:58918] Not Found: /vendor/phpunit/Util/PHP/eval-stdin.php
[Sun Mar 22 06:05:06.010864 2020] [wsgi:error] [pid 27498:tid 139728241059584] [remote 163.44.149.193:58918] Not Found: /vendor/phpunit/phpunit/Util/PHP/eval-stdin.php
[Sun Mar 22 06:05:06.274089 2020] [wsgi:error] [pid 27498:tid 139728157042432] [remote 163.44.149.193:58918] Not Found: /vendor/phpunit/phpunit/src/Util/PHP/eval-stdin.php
[Sun Mar 22 06:05:06.537368 2020] [wsgi:error] [pid 27498:tid 139728241059584] [remote 163.44.149.193:58918] Not Found: /vendor/phpunit/src/Util/PHP/eval-stdin.php
[Sun Mar 22 06:05:06.801469 2020] [wsgi:error] [pid 27498:tid 139728157042432] [remote 163.44.149.193:58918] Not Found: /wp-content/plugins/cloudflare/vendor/phpunit/phpunit/src/Util/PHP/eval-stdin.php
[Sun Mar 22 06:05:07.064019 2020] [wsgi:error] [pid 27498:tid 139728241059584] [remote 163.44.149.193:58918] Not Found: /wp-content/plugins/dzs-videogallery/class_parts/vendor/phpunit/phpunit/src/Util/PHP/eval-stdin.php
[Sun Mar 22 06:05:07.331947 2020] [wsgi:error] [pid 27498:tid 139728157042432] [remote 163.44.149.193:58918] Not Found: /wp-content/plugins/jekyll-exporter/vendor/phpunit/phpunit/src/Util/PHP/eval-stdin.php
[Sun Mar 22 06:05:07.598276 2020] [wsgi:error] [pid 27498:tid 139728241059584] [remote 163.44.149.193:58918] Not Found: /wp-content/plugins/mm-plugin/inc/vendors/vendor/phpunit/phpunit/src/Util/PHP/eval-stdin.php
[Sun Mar 22 06:05:07.864114 2020] [wsgi:error] [pid 27498:tid 139728157042432] [remote 163.44.149.193:58918] Not Found: /www/vendor/phpunit/phpunit/src/Util/PHP/eval-stdin.php
[Sun Mar 22 06:05:27.846162 2020] [wsgi:error] [pid 27498:tid 139728241059584] [remote 107.6.183.226:41562] Not Found: /
[Sun Mar 22 06:07:54.851657 2020] [wsgi:error] [pid 27498:tid 139728157042432] [remote 125.164.176.226:33624] Not Found: /
[Sun Mar 22 06:14:51.653965 2020] [wsgi:error] [pid 27498:tid 139728241059584] [remote 171.67.70.85:47338] Not Found: /
[Sun Mar 22 06:19:06.323609 2020] [wsgi:error] [pid 27498:tid 139728157042432] [remote 37.32.43.189:41711] Not Found: /
Exception ignored in: <bound method BaseEventLoop.__del__ of <_UnixSelectorEventLoop running=False closed=False debug=False>>
Traceback (most recent call last):
  File "/usr/lib/python3.6/asyncio/base_events.py", line 526, in __del__
NameError: name 'ResourceWarning' is not defined
[Sun Mar 22 06:46:52.328976 2020] [wsgi:error] [pid 30489:tid 139728249460480] [remote 200.232.238.34:37891] Not Found: /
[Sun Mar 22 06:46:52.331545 2020] [wsgi:error] [pid 30489:tid 139728157042432] [remote 200.232.238.34:37892] Not Found: /
[Sun Mar 22 10:36:56.395040 2020] [wsgi:error] [pid 30489:tid 139728165443328] [remote 189.78.129.175:52531] Not Found: /
[Sun Mar 22 10:44:23.479272 2020] [wsgi:error] [pid 30489:tid 139728157042432] [remote 191.7.215.6:59640] Not Found: /
[Sun Mar 22 10:57:15.124485 2020] [wsgi:error] [pid 30489:tid 139728165443328] [remote 157.230.143.29:57984] Not Found: /
[Sun Mar 22 12:09:17.798681 2020] [wsgi:error] [pid 30489:tid 139728157042432] [remote 151.21.92.5:34655] Not Found: /phpmyadmin/
[Sun Mar 22 12:14:37.585034 2020] [wsgi:error] [pid 30489:tid 139728165443328] [remote 171.67.70.85:44994] Not Found: /
[Sun Mar 22 14:51:44.419046 2020] [wsgi:error] [pid 30489:tid 139728157042432] [remote 66.151.211.170:51608] Invalid HTTP_HOST header: '127.0.1.1'. You may need to add '127.0.1.1' to ALLOWED_HOSTS.
[Sun Mar 22 14:51:44.450520 2020] [wsgi:error] [pid 30489:tid 139728157042432] [remote 66.151.211.170:51608] Bad Request: /robots.txt
[Sun Mar 22 15:25:19.658351 2020] [wsgi:error] [pid 30489:tid 139728165443328] [remote 186.233.178.47:1201] Not Found: /
[Sun Mar 22 16:47:47.056148 2020] [wsgi:error] [pid 30489:tid 139728157042432] [remote 114.249.254.224:64819] Invalid HTTP_HOST header: '123.126.104.68:80'. You may need to add '123.126.104.68' to ALLOWED_HOSTS.
[Sun Mar 22 16:47:47.082421 2020] [wsgi:error] [pid 30489:tid 139728165443328] [remote 114.249.254.224:64820] Invalid HTTP_HOST header: 'js.sogou.com'. You may need to add 'js.sogou.com' to ALLOWED_HOSTS.
[Sun Mar 22 16:47:47.098566 2020] [wsgi:error] [pid 30489:tid 139728157042432] [remote 114.249.254.224:64819] Bad Request: /
[Sun Mar 22 16:47:47.116952 2020] [wsgi:error] [pid 30489:tid 139728165443328] [remote 114.249.254.224:64820] Bad Request: /pv_sogou.js
[Sun Mar 22 16:47:48.278086 2020] [wsgi:error] [pid 30489:tid 139728249460480] [remote 111.162.144.114:34258] Invalid HTTP_HOST header: '123.125.114.144'. You may need to add '123.125.114.144' to ALLOWED_HOSTS.
[Sun Mar 22 16:47:48.311223 2020] [wsgi:error] [pid 30489:tid 139728249460480] [remote 111.162.144.114:34258] Bad Request: /
[Sun Mar 22 18:15:04.472396 2020] [wsgi:error] [pid 30489:tid 139728165443328] [remote 171.67.70.85:53100] Not Found: /
[Sun Mar 22 19:49:17.833631 2020] [wsgi:error] [pid 30489:tid 139728249460480] [remote 139.162.106.181:56488] Not Found: /
[Sun Mar 22 20:40:56.357086 2020] [wsgi:error] [pid 30489:tid 139728165443328] [remote 178.73.215.171:15020] Invalid HTTP_HOST header: '127.0.1.1'. You may need to add '127.0.1.1' to ALLOWED_HOSTS.
[Sun Mar 22 20:40:56.384819 2020] [wsgi:error] [pid 30489:tid 139728165443328] [remote 178.73.215.171:15020] Bad Request: /
[Sun Mar 22 21:21:33.034454 2020] [wsgi:error] [pid 30489:tid 139728249460480] [remote 85.93.142.56:48976] Not Found: /
[Sun Mar 22 21:28:35.017794 2020] [wsgi:error] [pid 30489:tid 139728165443328] [remote 39.105.200.192:50945] Not Found: /phpmyadmin/
[Sun Mar 22 21:28:38.241479 2020] [wsgi:error] [pid 30489:tid 139728249460480] [remote 39.105.200.192:50945] Not Found: /phpmyadmin/
[Sun Mar 22 21:28:41.475777 2020] [wsgi:error] [pid 30489:tid 139728165443328] [remote 39.105.200.192:50945] Not Found: /pmd/
[Sun Mar 22 21:28:44.712362 2020] [wsgi:error] [pid 30489:tid 139728249460480] [remote 39.105.200.192:50945] Not Found: /pmd/
[Sun Mar 22 21:28:47.945806 2020] [wsgi:error] [pid 30489:tid 139728165443328] [remote 39.105.200.192:50945] Not Found: /pma/
[Sun Mar 22 21:28:51.176369 2020] [wsgi:error] [pid 30489:tid 139728249460480] [remote 39.105.200.192:50945] Not Found: /pma/
[Sun Mar 22 21:28:54.411773 2020] [wsgi:error] [pid 30489:tid 139728165443328] [remote 39.105.200.192:50945] Not Found: /phpmyadmin4.8.5/
[Sun Mar 22 21:28:57.647613 2020] [wsgi:error] [pid 30489:tid 139728249460480] [remote 39.105.200.192:50945] Not Found: /phpmyadmin4.8.5/
[Sun Mar 22 21:55:17.004507 2020] [wsgi:error] [pid 30489:tid 139728165443328] [remote 66.151.211.170:54534] Invalid HTTP_HOST header: '127.0.1.1'. You may need to add '127.0.1.1' to ALLOWED_HOSTS.
[Sun Mar 22 21:55:17.037401 2020] [wsgi:error] [pid 30489:tid 139728165443328] [remote 66.151.211.170:54534] Bad Request: /robots.txt
[Sun Mar 22 22:32:55.218369 2020] [wsgi:error] [pid 30489:tid 139728249460480] [remote 162.243.131.77:50876] Not Found: /hudson
[Mon Mar 23 00:14:39.592281 2020] [wsgi:error] [pid 30489:tid 139728165443328] [remote 171.67.70.85:60380] Not Found: /
[Mon Mar 23 01:24:05.482140 2020] [wsgi:error] [pid 30489:tid 139728249460480] [remote 162.243.131.227:44392] Not Found: /
[Mon Mar 23 01:33:57.652075 2020] [wsgi:error] [pid 30489:tid 139728165443328] [remote 154.211.4.11:57873] Not Found: /index.php
[Mon Mar 23 01:33:58.508181 2020] [wsgi:error] [pid 30489:tid 139728249460480] [remote 154.211.4.11:57873] Not Found: /phpmyadmin/index.php
[Mon Mar 23 01:46:36.300222 2020] [wsgi:error] [pid 30489:tid 139728165443328] [remote 5.101.0.209:50610] Not Found: /solr/admin/info/system
[Mon Mar 23 01:52:23.545326 2020] [wsgi:error] [pid 30489:tid 139728249460480] [remote 5.101.0.209:36752] Not Found: /
[Mon Mar 23 01:52:24.933288 2020] [wsgi:error] [pid 30489:tid 139728165443328] [remote 5.101.0.209:57806] Not Found: /
[Mon Mar 23 01:56:59.653329 2020] [wsgi:error] [pid 30489:tid 139728249460480] [remote 5.101.0.209:33454] Not Found: /index.php
[Mon Mar 23 03:15:49.362430 2020] [wsgi:error] [pid 30489:tid 139728165443328] [remote 134.209.211.69:53684] Not Found: /wp-login.php
[Mon Mar 23 03:28:26.959808 2020] [wsgi:error] [pid 30489:tid 139728249460480] [remote 164.68.112.178:51498] Invalid HTTP_HOST header: '127.0.1.1'. You may need to add '127.0.1.1' to ALLOWED_HOSTS.
[Mon Mar 23 03:28:26.993912 2020] [wsgi:error] [pid 30489:tid 139728249460480] [remote 164.68.112.178:51498] Bad Request: /
[Mon Mar 23 03:38:49.161853 2020] [wsgi:error] [pid 30489:tid 139728165443328] [remote 104.152.52.28:53961] Invalid HTTP_HOST header: '127.0.1.1'. You may need to add '127.0.1.1' to ALLOWED_HOSTS.
[Mon Mar 23 03:38:49.190546 2020] [wsgi:error] [pid 30489:tid 139728165443328] [remote 104.152.52.28:53961] Bad Request: /
[Mon Mar 23 04:20:20.785768 2020] [wsgi:error] [pid 30489:tid 139728249460480] [remote 192.241.238.70:39584] Not Found: /manager/text/list
[Mon Mar 23 05:10:02.280640 2020] [wsgi:error] [pid 30489:tid 139728165443328] [remote 168.70.97.104:37021] Not Found: /
[Mon Mar 23 05:40:51.904167 2020] [wsgi:error] [pid 30489:tid 139728249460480] [remote 104.2.249.76:1123] Invalid HTTP_HOST header: '127.0.1.1'. You may need to add '127.0.1.1' to ALLOWED_HOSTS.
[Mon Mar 23 05:40:51.931960 2020] [wsgi:error] [pid 30489:tid 139728249460480] [remote 104.2.249.76:1123] Bad Request: /
[Mon Mar 23 05:42:36.002385 2020] [wsgi:error] [pid 30489:tid 139728165443328] [remote 1.246.222.62:2750] Not Found: /shell
[Mon Mar 23 06:12:08.603842 2020] [wsgi:error] [pid 30489:tid 139728249460480] [remote 180.247.70.137:34987] Not Found: /
[Mon Mar 23 06:14:45.123123 2020] [wsgi:error] [pid 30489:tid 139728165443328] [remote 171.67.70.85:60312] Not Found: /
Exception ignored in: <bound method BaseEventLoop.__del__ of <_UnixSelectorEventLoop running=False closed=False debug=False>>
Traceback (most recent call last):
  File "/usr/lib/python3.6/asyncio/base_events.py", line 526, in __del__
NameError: name 'ResourceWarning' is not defined
[Mon Mar 23 07:02:33.008598 2020] [wsgi:error] [pid 710:tid 139728241059584] [remote 5.101.0.209:58346] Not Found: /vendor/phpunit/phpunit/src/Util/PHP/eval-stdin.php
[Mon Mar 23 08:40:11.350078 2020] [wsgi:error] [pid 710:tid 139728157042432] [remote 177.125.227.85:33341] Not Found: /
[Mon Mar 23 09:03:37.311743 2020] [wsgi:error] [pid 710:tid 139728241059584] [remote 169.197.108.38:51002] Not Found: /
[Mon Mar 23 09:31:56.265809 2020] [wsgi:error] [pid 710:tid 139728157042432] [remote 198.108.66.240:12458] Not Found: /
[Mon Mar 23 09:45:03.695155 2020] [wsgi:error] [pid 710:tid 139728241059584] [remote 52.12.196.44:54292] Not Found: /
[Mon Mar 23 11:55:17.597658 2020] [wsgi:error] [pid 710:tid 139728157042432] [remote 66.151.211.170:54354] Invalid HTTP_HOST header: '127.0.1.1'. You may need to add '127.0.1.1' to ALLOWED_HOSTS.
[Mon Mar 23 11:55:17.648233 2020] [wsgi:error] [pid 710:tid 139728157042432] [remote 66.151.211.170:54354] Bad Request: /robots.txt
[Mon Mar 23 12:15:19.188432 2020] [wsgi:error] [pid 710:tid 139728241059584] [remote 171.67.70.85:38206] Not Found: /
[Mon Mar 23 12:39:48.169028 2020] [wsgi:error] [pid 710:tid 139728157042432] [remote 66.151.211.170:49842] Invalid HTTP_HOST header: '127.0.1.1'. You may need to add '127.0.1.1' to ALLOWED_HOSTS.
[Mon Mar 23 12:39:48.202117 2020] [wsgi:error] [pid 710:tid 139728157042432] [remote 66.151.211.170:49842] Bad Request: /robots.txt
[Mon Mar 23 13:18:00.805655 2020] [wsgi:error] [pid 710:tid 139728241059584] [remote 192.241.238.206:41290] Not Found: /portal/redlion
[Mon Mar 23 14:00:26.641603 2020] [wsgi:error] [pid 710:tid 139728157042432] [remote 36.79.43.155:53963] Not Found: /
[Mon Mar 23 15:22:40.159816 2020] [wsgi:error] [pid 710:tid 139728241059584] [remote 193.57.40.38:54070] Not Found: /solr/admin/info/system
[Mon Mar 23 15:26:34.482337 2020] [wsgi:error] [pid 710:tid 139728157042432] [remote 193.57.40.38:50684] Not Found: /vendor/phpunit/phpunit/src/Util/PHP/eval-stdin.php
[Mon Mar 23 15:28:57.216894 2020] [wsgi:error] [pid 710:tid 139728241059584] [remote 193.57.40.38:55918] Not Found: /index.php
[Mon Mar 23 15:31:50.151631 2020] [wsgi:error] [pid 710:tid 139728157042432] [remote 66.151.211.170:57982] Invalid HTTP_HOST header: '127.0.1.1'. You may need to add '127.0.1.1' to ALLOWED_HOSTS.
[Mon Mar 23 15:31:50.178282 2020] [wsgi:error] [pid 710:tid 139728157042432] [remote 66.151.211.170:57982] Bad Request: /robots.txt
[Mon Mar 23 15:36:18.308279 2020] [wsgi:error] [pid 710:tid 139728241059584] [remote 193.57.40.38:34384] Not Found: /
[Mon Mar 23 15:36:33.697415 2020] [wsgi:error] [pid 710:tid 139728157042432] [remote 185.186.51.35:9711] Not Found: /
[Mon Mar 23 15:56:24.006066 2020] [wsgi:error] [pid 710:tid 139728241059584] [remote 193.57.40.38:58378] Not Found: /
[Mon Mar 23 16:58:27.880069 2020] [wsgi:error] [pid 710:tid 139728157042432] [remote 223.155.103.213:34889] Invalid HTTP_HOST header: '127.0.1.1'. You may need to add '127.0.1.1' to ALLOWED_HOSTS.
[Mon Mar 23 16:58:27.911875 2020] [wsgi:error] [pid 710:tid 139728157042432] [remote 223.155.103.213:34889] Bad Request: /setup.cgi
[Mon Mar 23 17:02:46.383155 2020] [wsgi:error] [pid 710:tid 139728241059584] [remote 51.254.59.113:20843] Not Found: /
[Mon Mar 23 17:08:07.588080 2020] [wsgi:error] [pid 710:tid 139728157042432] [remote 67.60.107.93:48884] Not Found: /
[Mon Mar 23 18:14:50.291563 2020] [wsgi:error] [pid 710:tid 139728241059584] [remote 171.67.70.85:60582] Not Found: /
[Mon Mar 23 18:22:30.099732 2020] [wsgi:error] [pid 710:tid 139728157042432] [remote 162.243.129.21:47364] Not Found: /manager/html
[Mon Mar 23 18:32:14.136831 2020] [wsgi:error] [pid 710:tid 139728241059584] [remote 5.8.10.202:53107] Not Found: /
[Mon Mar 23 20:45:28.575633 2020] [wsgi:error] [pid 710:tid 139728157042432] [remote 92.119.179.68:59618] Not Found: /
[Mon Mar 23 22:22:39.262329 2020] [wsgi:error] [pid 710:tid 139728241059584] [remote 178.62.9.12:47536] Not Found: /
[Mon Mar 23 23:40:23.633518 2020] [wsgi:error] [pid 710:tid 139728157042432] [remote 87.107.65.228:46124] Not Found: /
[Tue Mar 24 00:16:43.410403 2020] [wsgi:error] [pid 710:tid 139728241059584] [remote 171.67.70.85:33664] Not Found: /
[Tue Mar 24 00:31:19.195912 2020] [wsgi:error] [pid 710:tid 139728157042432] [remote 158.69.40.227:54809] Invalid HTTP_HOST header: 'my.account.sony.com:443'. You may need to add 'my.account.sony.com' to ALLOWED_HOSTS.
[Tue Mar 24 00:31:19.223881 2020] [wsgi:error] [pid 710:tid 139728157042432] [remote 158.69.40.227:54809] Bad Request: /
[Tue Mar 24 02:10:27.253067 2020] [wsgi:error] [pid 710:tid 139728241059584] [remote 189.51.101.50:34935] Not Found: /
[Tue Mar 24 03:32:55.343710 2020] [wsgi:error] [pid 710:tid 139728157042432] [remote 185.216.140.6:57310] Not Found: /
[Tue Mar 24 03:36:12.121174 2020] [wsgi:error] [pid 710:tid 139728241059584] [remote 220.191.249.136:50638] Not Found: /TP/public/index.php
[Tue Mar 24 03:36:12.933708 2020] [wsgi:error] [pid 710:tid 139728157042432] [remote 220.191.249.136:54666] Not Found: /TP/index.php
[Tue Mar 24 03:36:13.804175 2020] [wsgi:error] [pid 710:tid 139728241059584] [remote 220.191.249.136:56522] Not Found: /thinkphp/html/public/index.php
[Tue Mar 24 03:36:14.336140 2020] [wsgi:error] [pid 710:tid 139728157042432] [remote 220.191.249.136:57790] Not Found: /html/public/index.php
[Tue Mar 24 03:36:14.890454 2020] [wsgi:error] [pid 710:tid 139728241059584] [remote 220.191.249.136:59002] Not Found: /public/index.php
[Tue Mar 24 03:36:15.418070 2020] [wsgi:error] [pid 710:tid 139728157042432] [remote 220.191.249.136:60180] Not Found: /TP/html/public/index.php
[Tue Mar 24 03:36:15.969940 2020] [wsgi:error] [pid 710:tid 139728241059584] [remote 220.191.249.136:33142] Not Found: /elrekt.php
[Tue Mar 24 03:36:16.506400 2020] [wsgi:error] [pid 710:tid 139728157042432] [remote 220.191.249.136:34304] Not Found: /index.php
[Tue Mar 24 03:36:17.033850 2020] [wsgi:error] [pid 710:tid 139728241059584] [remote 220.191.249.136:35588] Not Found: /
[Tue Mar 24 05:06:24.627059 2020] [wsgi:error] [pid 710:tid 139728157042432] [remote 103.15.238.242:37636] Not Found: /
[Tue Mar 24 05:17:12.823315 2020] [wsgi:error] [pid 710:tid 139728241059584] [remote 128.14.134.134:33658] Not Found: /Telerik.Web.UI.WebResource.axd
[Tue Mar 24 05:20:32.724542 2020] [wsgi:error] [pid 710:tid 139728157042432] [remote 49.143.32.6:2592] Invalid HTTP_HOST header: '127.0.0.1:80'. You may need to add '127.0.0.1' to ALLOWED_HOSTS.
[Tue Mar 24 05:20:32.756898 2020] [wsgi:error] [pid 710:tid 139728157042432] [remote 49.143.32.6:2592] Bad Request: /GponForm/diag_Form
[Tue Mar 24 06:05:16.014863 2020] [wsgi:error] [pid 710:tid 139728241059584] [remote 92.118.160.61:61930] Invalid HTTP_HOST header: '127.0.1.1'. You may need to add '127.0.1.1' to ALLOWED_HOSTS.
[Tue Mar 24 06:05:16.045271 2020] [wsgi:error] [pid 710:tid 139728241059584] [remote 92.118.160.61:61930] Bad Request: /
[Tue Mar 24 06:12:16.902892 2020] [wsgi:error] [pid 710:tid 139728157042432] [remote 162.243.128.252:57416] Not Found: /hudson
[Tue Mar 24 06:14:36.198284 2020] [wsgi:error] [pid 710:tid 139728241059584] [remote 171.67.70.85:41202] Not Found: /
Exception ignored in: <bound method BaseEventLoop.__del__ of <_UnixSelectorEventLoop running=False closed=False debug=False>>
Traceback (most recent call last):
  File "/usr/lib/python3.6/asyncio/base_events.py", line 526, in __del__
NameError: name 'ResourceWarning' is not defined
[Tue Mar 24 07:14:02.428097 2020] [wsgi:error] [pid 5620:tid 139728274646784] [remote 71.6.146.186:38043] Not Found: /
[Tue Mar 24 07:14:02.587469 2020] [wsgi:error] [pid 5620:tid 139728157042432] [remote 71.6.146.186:38265] Not Found: /robots.txt
[Tue Mar 24 07:14:02.717629 2020] [wsgi:error] [pid 5620:tid 139728274646784] [remote 71.6.146.186:38298] Not Found: /sitemap.xml
[Tue Mar 24 07:14:02.849355 2020] [wsgi:error] [pid 5620:tid 139728157042432] [remote 71.6.146.186:38314] Not Found: /.well-known/security.txt
[Tue Mar 24 07:14:03.160117 2020] [wsgi:error] [pid 5620:tid 139728274646784] [remote 71.6.146.186:38356] Not Found: /favicon.ico
[Tue Mar 24 08:13:26.311322 2020] [wsgi:error] [pid 5620:tid 139728157042432] [remote 198.108.66.208:1882] Not Found: /
[Tue Mar 24 08:37:53.365088 2020] [wsgi:error] [pid 5620:tid 139728274646784] [remote 45.171.160.187:57877] Not Found: /
[Tue Mar 24 09:10:01.143682 2020] [wsgi:error] [pid 5620:tid 139728157042432] [remote 81.201.62.167:40423] Not Found: /
[Tue Mar 24 11:37:44.480059 2020] [wsgi:error] [pid 5620:tid 139728274646784] [remote 66.151.211.170:55492] Invalid HTTP_HOST header: '127.0.1.1'. You may need to add '127.0.1.1' to ALLOWED_HOSTS.
[Tue Mar 24 11:37:44.512662 2020] [wsgi:error] [pid 5620:tid 139728274646784] [remote 66.151.211.170:55492] Bad Request: /robots.txt
[Tue Mar 24 12:14:40.047668 2020] [wsgi:error] [pid 5620:tid 139728157042432] [remote 171.67.70.85:44988] Not Found: /
[Tue Mar 24 14:16:03.828627 2020] [wsgi:error] [pid 5620:tid 139728274646784] [remote 143.255.242.144:57446] Not Found: /
[Tue Mar 24 17:01:49.249212 2020] [wsgi:error] [pid 5620:tid 139728157042432] [remote 66.151.211.170:65131] Invalid HTTP_HOST header: '127.0.1.1'. You may need to add '127.0.1.1' to ALLOWED_HOSTS.
[Tue Mar 24 17:01:49.281071 2020] [wsgi:error] [pid 5620:tid 139728157042432] [remote 66.151.211.170:65131] Bad Request: /robots.txt
[Tue Mar 24 17:44:01.275619 2020] [wsgi:error] [pid 5620:tid 139728274646784] [remote 162.243.130.42:45084] Not Found: /portal/redlion
[Tue Mar 24 18:14:30.849125 2020] [wsgi:error] [pid 5620:tid 139728157042432] [remote 171.67.70.85:56202] Not Found: /
[Tue Mar 24 19:00:14.035249 2020] [wsgi:error] [pid 5620:tid 139728274646784] [remote 122.228.19.79:21478] Not Found: /
[Tue Mar 24 19:01:18.706815 2020] [wsgi:error] [pid 5620:tid 139728157042432] [remote 151.243.14.255:13748] Not Found: /
[Tue Mar 24 19:57:56.284195 2020] [wsgi:error] [pid 5620:tid 139728274646784] [remote 111.206.250.230:62261] Not Found: /wp-json/wp/v2/users/
[Tue Mar 24 19:57:56.725233 2020] [wsgi:error] [pid 5620:tid 139728157042432] [remote 111.206.250.229:10519] Not Found: /wp-json/wp/v2/users/
[Tue Mar 24 19:57:57.168004 2020] [wsgi:error] [pid 5620:tid 139728274646784] [remote 111.206.250.229:44318] Not Found: /wp-json/wp/v2/users/
[Tue Mar 24 19:57:57.617715 2020] [wsgi:error] [pid 5620:tid 139728157042432] [remote 111.206.250.197:52581] Not Found: /wp-json/wp/v2/users/
[Tue Mar 24 19:57:58.060784 2020] [wsgi:error] [pid 5620:tid 139728274646784] [remote 111.206.250.198:11233] Not Found: /wp-json/wp/v2/users/
[Tue Mar 24 19:57:58.503389 2020] [wsgi:error] [pid 5620:tid 139728157042432] [remote 111.206.250.230:1995] Not Found: /wp-json/wp/v2/users/
[Tue Mar 24 19:57:58.944974 2020] [wsgi:error] [pid 5620:tid 139728274646784] [remote 111.206.250.198:41362] Not Found: /wp-json/wp/v2/users/
[Tue Mar 24 19:58:09.405639 2020] [wsgi:error] [pid 5620:tid 139728157042432] [remote 111.206.250.197:6153] Not Found: /wp-json/wp/v2/users/
[Tue Mar 24 19:58:09.853241 2020] [wsgi:error] [pid 5620:tid 139728274646784] [remote 111.206.250.197:39412] Not Found: /wp-json/wp/v2/users/
[Tue Mar 24 19:58:10.294510 2020] [wsgi:error] [pid 5620:tid 139728157042432] [remote 111.206.250.230:51761] Not Found: /wp-json/wp/v2/users/
[Tue Mar 24 19:58:20.749939 2020] [wsgi:error] [pid 5620:tid 139728274646784] [remote 111.206.250.229:54197] Not Found: /wp-json/wp/v2/users/
[Tue Mar 24 19:58:21.191490 2020] [wsgi:error] [pid 5620:tid 139728157042432] [remote 111.206.250.230:59643] Not Found: /wp-json/wp/v2/users/
[Tue Mar 24 19:58:21.632765 2020] [wsgi:error] [pid 5620:tid 139728274646784] [remote 111.206.250.230:52212] Not Found: /wp-json/wp/v2/users/
[Tue Mar 24 19:59:02.104928 2020] [wsgi:error] [pid 5620:tid 139728157042432] [remote 111.206.250.198:64065] Not Found: /wp-json/wp/v2/users/
[Tue Mar 24 19:59:02.547567 2020] [wsgi:error] [pid 5620:tid 139728274646784] [remote 111.206.250.229:41665] Not Found: /wp-json/wp/v2/users/
[Tue Mar 24 19:59:02.992521 2020] [wsgi:error] [pid 5620:tid 139728157042432] [remote 111.206.250.229:7639] Not Found: /wp-json/wp/v2/users/
[Tue Mar 24 19:59:03.438243 2020] [wsgi:error] [pid 5620:tid 139728274646784] [remote 111.206.250.198:36314] Not Found: /wp-json/wp/v2/users/
[Tue Mar 24 19:59:03.882209 2020] [wsgi:error] [pid 5620:tid 139728157042432] [remote 111.206.250.230:52512] Not Found: /wp-json/wp/v2/users/
[Tue Mar 24 19:59:04.324907 2020] [wsgi:error] [pid 5620:tid 139728274646784] [remote 111.206.250.198:47729] Not Found: /wp-json/wp/v2/users/
[Tue Mar 24 19:59:04.763718 2020] [wsgi:error] [pid 5620:tid 139728157042432] [remote 111.206.250.230:5972] Not Found: /wp-json/wp/v2/users/
[Tue Mar 24 19:59:05.200428 2020] [wsgi:error] [pid 5620:tid 139728274646784] [remote 111.206.250.230:51669] Not Found: /wp-json/wp/v2/users/
[Tue Mar 24 19:59:05.640145 2020] [wsgi:error] [pid 5620:tid 139728157042432] [remote 111.206.250.229:13711] Not Found: /wp-json/wp/v2/users/
[Tue Mar 24 19:59:06.083917 2020] [wsgi:error] [pid 5620:tid 139728274646784] [remote 111.206.250.230:40386] Not Found: /wp-json/wp/v2/users/
[Tue Mar 24 19:59:06.525324 2020] [wsgi:error] [pid 5620:tid 139728157042432] [remote 111.206.250.229:49288] Not Found: /wp-json/wp/v2/users/
[Tue Mar 24 19:59:06.968809 2020] [wsgi:error] [pid 5620:tid 139728274646784] [remote 111.206.250.197:44602] Not Found: /wp-json/wp/v2/users/
[Tue Mar 24 19:59:07.416129 2020] [wsgi:error] [pid 5620:tid 139728157042432] [remote 111.206.250.197:5092] Not Found: /wp-json/wp/v2/users/
[Tue Mar 24 19:59:07.859628 2020] [wsgi:error] [pid 5620:tid 139728274646784] [remote 111.206.250.198:57360] Not Found: /wp-json/wp/v2/users/
[Tue Mar 24 19:59:08.303915 2020] [wsgi:error] [pid 5620:tid 139728157042432] [remote 111.206.250.198:61793] Not Found: /wp-json/wp/v2/users/
[Tue Mar 24 19:59:08.747529 2020] [wsgi:error] [pid 5620:tid 139728274646784] [remote 111.206.250.198:40895] Not Found: /wp-json/wp/v2/users/
[Tue Mar 24 19:59:19.203833 2020] [wsgi:error] [pid 5620:tid 139728157042432] [remote 111.206.250.198:53618] Not Found: /wp-json/wp/v2/users/
[Tue Mar 24 19:59:39.677177 2020] [wsgi:error] [pid 5620:tid 139728274646784] [remote 111.206.250.197:35224] Not Found: /wp-json/wp/v2/users/
[Tue Mar 24 19:59:40.125571 2020] [wsgi:error] [pid 5620:tid 139728157042432] [remote 111.206.250.197:61078] Not Found: /wp-json/wp/v2/users/
[Tue Mar 24 19:59:40.568754 2020] [wsgi:error] [pid 5620:tid 139728274646784] [remote 111.206.250.230:41710] Not Found: /wp-json/wp/v2/users/
[Tue Mar 24 20:00:01.031818 2020] [wsgi:error] [pid 5620:tid 139728157042432] [remote 111.206.250.198:15562] Not Found: /wp-json/wp/v2/users/
[Tue Mar 24 20:00:01.475798 2020] [wsgi:error] [pid 5620:tid 139728274646784] [remote 111.206.250.229:8371] Not Found: /wp-json/wp/v2/users/
[Tue Mar 24 20:00:01.921828 2020] [wsgi:error] [pid 5620:tid 139728157042432] [remote 111.206.250.198:51996] Not Found: /wp-json/wp/v2/users/
[Tue Mar 24 20:00:32.391783 2020] [wsgi:error] [pid 5620:tid 139728274646784] [remote 111.206.250.198:39432] Not Found: /wp-json/wp/v2/users/
[Tue Mar 24 20:00:32.835574 2020] [wsgi:error] [pid 5620:tid 139728157042432] [remote 111.206.250.230:35759] Not Found: /wp-json/wp/v2/users/
[Tue Mar 24 20:00:33.277016 2020] [wsgi:error] [pid 5620:tid 139728274646784] [remote 111.206.250.198:38757] Not Found: /wp-json/wp/v2/users/
[Tue Mar 24 20:00:33.720113 2020] [wsgi:error] [pid 5620:tid 139728157042432] [remote 111.206.250.230:52250] Not Found: /wp-json/wp/v2/users/
[Tue Mar 24 20:00:34.160968 2020] [wsgi:error] [pid 5620:tid 139728274646784] [remote 111.206.250.198:45802] Not Found: /wp-json/wp/v2/users/
[Tue Mar 24 20:00:54.624352 2020] [wsgi:error] [pid 5620:tid 139728157042432] [remote 111.206.250.229:12201] Not Found: /wp-json/wp/v2/users/
[Tue Mar 24 20:00:55.064732 2020] [wsgi:error] [pid 5620:tid 139728274646784] [remote 111.206.250.229:3529] Not Found: /wp-json/wp/v2/users/
[Tue Mar 24 20:00:55.509821 2020] [wsgi:error] [pid 5620:tid 139728157042432] [remote 111.206.250.198:5919] Not Found: /wp-json/wp/v2/users/
[Tue Mar 24 20:00:55.950737 2020] [wsgi:error] [pid 5620:tid 139728274646784] [remote 111.206.250.230:2908] Not Found: /wp-json/wp/v2/users/
[Tue Mar 24 20:00:56.392971 2020] [wsgi:error] [pid 5620:tid 139728157042432] [remote 111.206.250.229:53824] Not Found: /wp-json/wp/v2/users/
[Tue Mar 24 20:00:56.839505 2020] [wsgi:error] [pid 5620:tid 139728274646784] [remote 111.206.250.198:7934] Not Found: /wp-json/wp/v2/users/
[Tue Mar 24 20:00:57.283107 2020] [wsgi:error] [pid 5620:tid 139728157042432] [remote 111.206.250.197:57314] Not Found: /wp-json/wp/v2/users/
[Tue Mar 24 20:01:07.732850 2020] [wsgi:error] [pid 5620:tid 139728274646784] [remote 111.206.250.229:36243] Not Found: /wp-json/wp/v2/users/
[Tue Mar 24 20:01:08.180779 2020] [wsgi:error] [pid 5620:tid 139728157042432] [remote 111.206.250.197:4913] Not Found: /wp-json/wp/v2/users/
[Tue Mar 24 20:01:18.638029 2020] [wsgi:error] [pid 5620:tid 139728274646784] [remote 111.206.250.229:59216] Not Found: /wp-json/wp/v2/users/
[Tue Mar 24 20:01:29.089205 2020] [wsgi:error] [pid 5620:tid 139728157042432] [remote 111.206.250.229:4137] Not Found: /wp-json/wp/v2/users/
[Tue Mar 24 20:01:39.549029 2020] [wsgi:error] [pid 5620:tid 139728274646784] [remote 111.206.250.198:54041] Not Found: /wp-json/wp/v2/users/
[Tue Mar 24 20:01:39.994686 2020] [wsgi:error] [pid 5620:tid 139728157042432] [remote 111.206.250.198:47149] Not Found: /wp-json/wp/v2/users/
[Tue Mar 24 20:01:40.438803 2020] [wsgi:error] [pid 5620:tid 139728274646784] [remote 111.206.250.230:57238] Not Found: /wp-json/wp/v2/users/
[Tue Mar 24 20:01:40.877997 2020] [wsgi:error] [pid 5620:tid 139728157042432] [remote 111.206.250.197:35760] Not Found: /wp-json/wp/v2/users/
[Tue Mar 24 20:01:41.320025 2020] [wsgi:error] [pid 5620:tid 139728274646784] [remote 111.206.250.230:2161] Not Found: /wp-json/wp/v2/users/
[Tue Mar 24 20:01:41.757188 2020] [wsgi:error] [pid 5620:tid 139728157042432] [remote 111.206.250.230:38519] Not Found: /wp-json/wp/v2/users/
[Tue Mar 24 20:01:42.198510 2020] [wsgi:error] [pid 5620:tid 139728274646784] [remote 111.206.250.198:65207] Not Found: /wp-json/wp/v2/users/
[Tue Mar 24 20:01:52.645206 2020] [wsgi:error] [pid 5620:tid 139728157042432] [remote 111.206.250.229:40379] Not Found: /wp-json/wp/v2/users/
[Tue Mar 24 20:01:53.088584 2020] [wsgi:error] [pid 5620:tid 139728274646784] [remote 111.206.250.198:35608] Not Found: /wp-json/wp/v2/users/
[Tue Mar 24 20:02:03.547142 2020] [wsgi:error] [pid 5620:tid 139728157042432] [remote 111.206.250.197:51987] Not Found: /wp-json/wp/v2/users/
[Tue Mar 24 20:02:23.998402 2020] [wsgi:error] [pid 5620:tid 139728274646784] [remote 111.206.250.230:11054] Not Found: /wp-json/wp/v2/users/
[Tue Mar 24 20:02:24.440433 2020] [wsgi:error] [pid 5620:tid 139728157042432] [remote 111.206.250.229:49425] Not Found: /wp-json/wp/v2/users/
[Tue Mar 24 20:02:24.883971 2020] [wsgi:error] [pid 5620:tid 139728274646784] [remote 111.206.250.230:16323] Not Found: /wp-json/wp/v2/users/
[Tue Mar 24 20:02:25.325267 2020] [wsgi:error] [pid 5620:tid 139728157042432] [remote 111.206.250.230:36917] Not Found: /wp-json/wp/v2/users/
[Tue Mar 24 20:02:35.768264 2020] [wsgi:error] [pid 5620:tid 139728274646784] [remote 111.206.250.229:50204] Not Found: /wp-json/wp/v2/users/
[Tue Mar 24 20:02:36.210169 2020] [wsgi:error] [pid 5620:tid 139728157042432] [remote 111.206.250.230:60877] Not Found: /wp-json/wp/v2/users/
[Tue Mar 24 20:02:36.652637 2020] [wsgi:error] [pid 5620:tid 139728274646784] [remote 111.206.250.229:33285] Not Found: /wp-json/wp/v2/users/
[Tue Mar 24 20:02:37.097790 2020] [wsgi:error] [pid 5620:tid 139728157042432] [remote 111.206.250.230:40517] Not Found: /wp-json/wp/v2/users/
[Tue Mar 24 20:02:37.539440 2020] [wsgi:error] [pid 5620:tid 139728274646784] [remote 111.206.250.198:16321] Not Found: /wp-json/wp/v2/users/
[Tue Mar 24 20:02:37.983063 2020] [wsgi:error] [pid 5620:tid 139728157042432] [remote 111.206.250.229:13752] Not Found: /wp-json/wp/v2/users/
[Tue Mar 24 20:02:38.427634 2020] [wsgi:error] [pid 5620:tid 139728274646784] [remote 111.206.250.229:13053] Not Found: /wp-json/wp/v2/users/
[Tue Mar 24 20:02:38.871963 2020] [wsgi:error] [pid 5620:tid 139728157042432] [remote 111.206.250.229:48989] Not Found: /wp-json/wp/v2/users/
[Tue Mar 24 20:03:09.332820 2020] [wsgi:error] [pid 5620:tid 139728274646784] [remote 111.206.250.229:48657] Not Found: /
[Tue Mar 24 20:03:09.775211 2020] [wsgi:error] [pid 5620:tid 139728157042432] [remote 111.206.250.230:64072] Not Found: /index.php/feed/
[Tue Mar 24 20:14:20.279670 2020] [wsgi:error] [pid 5620:tid 139728274646784] [remote 138.99.216.171:61000] Invalid HTTP_HOST header: '127.0.1.1'. You may need to add '127.0.1.1' to ALLOWED_HOSTS.
[Tue Mar 24 20:14:20.306380 2020] [wsgi:error] [pid 5620:tid 139728274646784] [remote 138.99.216.171:61000] Bad Request: /
[Tue Mar 24 20:22:49.699269 2020] [wsgi:error] [pid 5620:tid 139728157042432] [remote 80.82.68.71:58520] Not Found: /
[Tue Mar 24 20:22:49.807241 2020] [wsgi:error] [pid 5620:tid 139728274646784] [remote 80.82.68.71:58520] Not Found: /robots.txt
[Tue Mar 24 20:22:49.916286 2020] [wsgi:error] [pid 5620:tid 139728157042432] [remote 80.82.68.71:58520] Not Found: /favicon.ico
[Tue Mar 24 21:02:19.738002 2020] [wsgi:error] [pid 5620:tid 139728274646784] [remote 196.52.43.96:53733] Not Found: /
[Tue Mar 24 22:28:36.206951 2020] [wsgi:error] [pid 5620:tid 139728157042432] [remote 83.97.20.33:25727] Invalid HTTP_HOST header: '127.0.1.1'. You may need to add '127.0.1.1' to ALLOWED_HOSTS.
[Tue Mar 24 22:28:36.232951 2020] [wsgi:error] [pid 5620:tid 139728157042432] [remote 83.97.20.33:25727] Bad Request: /
[Wed Mar 25 00:14:52.111050 2020] [wsgi:error] [pid 5620:tid 139728274646784] [remote 171.67.70.85:49588] Not Found: /
[Wed Mar 25 01:11:41.967901 2020] [wsgi:error] [pid 5620:tid 139728157042432] [remote 179.211.96.99:38809] Not Found: /
[Wed Mar 25 03:08:06.495508 2020] [wsgi:error] [pid 5620:tid 139728274646784] [remote 110.137.176.164:58930] Not Found: /
[Wed Mar 25 03:51:02.124420 2020] [wsgi:error] [pid 5620:tid 139728157042432] [remote 182.61.165.46:21243] Not Found: /
[Wed Mar 25 03:51:02.565480 2020] [wsgi:error] [pid 5620:tid 139728274646784] [remote 182.61.165.46:21458] Not Found: /robots.txt
[Wed Mar 25 03:51:03.032510 2020] [wsgi:error] [pid 5620:tid 139728157042432] [remote 182.61.165.46:21685] Not Found: /Admind89dcd43/Login.php
[Wed Mar 25 03:51:03.547948 2020] [wsgi:error] [pid 5620:tid 139728274646784] [remote 182.61.165.46:21916] Not Found: /
[Wed Mar 25 03:51:04.049533 2020] [wsgi:error] [pid 5620:tid 139728157042432] [remote 182.61.165.46:22207] Not Found: /l.php
[Wed Mar 25 03:51:04.499772 2020] [wsgi:error] [pid 5620:tid 139728274646784] [remote 182.61.165.46:22445] Not Found: /phpinfo.php
[Wed Mar 25 03:51:04.936444 2020] [wsgi:error] [pid 5620:tid 139728157042432] [remote 182.61.165.46:22660] Not Found: /test.php
[Wed Mar 25 03:51:05.385758 2020] [wsgi:error] [pid 5620:tid 139728274646784] [remote 182.61.165.46:22846] Not Found: /index.php
[Wed Mar 25 03:51:05.828384 2020] [wsgi:error] [pid 5620:tid 139728157042432] [remote 182.61.165.46:22995] Not Found: /bbs.php
[Wed Mar 25 03:51:06.266886 2020] [wsgi:error] [pid 5620:tid 139728274646784] [remote 182.61.165.46:23142] Not Found: /forum.php
[Wed Mar 25 03:51:06.776113 2020] [wsgi:error] [pid 5620:tid 139728157042432] [remote 182.61.165.46:23300] Not Found: /forums.php
[Wed Mar 25 03:51:07.276965 2020] [wsgi:error] [pid 5620:tid 139728274646784] [remote 182.61.165.46:23502] Not Found: /bbs/index.php
[Wed Mar 25 03:51:07.712588 2020] [wsgi:error] [pid 5620:tid 139728157042432] [remote 182.61.165.46:23645] Not Found: /forum/index.php
[Wed Mar 25 03:51:08.149849 2020] [wsgi:error] [pid 5620:tid 139728274646784] [remote 182.61.165.46:23811] Not Found: /forums/index.php
[Wed Mar 25 03:51:08.660278 2020] [wsgi:error] [pid 5620:tid 139728157042432] [remote 182.61.165.46:23949] Not Found: /cgi-bin/php
[Wed Mar 25 03:51:09.121384 2020] [wsgi:error] [pid 5620:tid 139728274646784] [remote 182.61.165.46:24131] Not Found: /cgi-bin/php5
[Wed Mar 25 03:51:09.575893 2020] [wsgi:error] [pid 5620:tid 139728157042432] [remote 182.61.165.46:24276] Not Found: /cgi-bin/php-cgi
[Wed Mar 25 03:51:10.018045 2020] [wsgi:error] [pid 5620:tid 139728274646784] [remote 182.61.165.46:24418] Not Found: /cgi-bin/php.cgi
[Wed Mar 25 03:51:10.554157 2020] [wsgi:error] [pid 5620:tid 139728157042432] [remote 182.61.165.46:24573] Not Found: /cgi-bin/php4
